⚠️  cargo-nextest not found. Installing now...
    Updating crates.io index
 Downloading crates ...
  Downloaded cargo-nextest v0.9.124
  Installing cargo-nextest v0.9.124
    Updating crates.io index
    Updating crates.io index
 Downloading crates ...
  Downloaded addr2line v0.24.2
  Downloaded atomicwrites v0.4.4
  Downloaded locked-tripwire v0.1.0
  Downloaded byteorder v1.5.0
  Downloaded nested v0.1.1
  Downloaded openssl-macros v0.1.1
  Downloaded nextest-filtering v0.18.0
  Downloaded openssl-probe v0.1.6
  Downloaded miette-derive v7.6.0
  Downloaded openssl-sys v0.9.109
  Downloaded zstd-safe v7.2.4
  Downloaded serde_ignored v0.1.14
  Downloaded vte v0.14.1
  Downloaded wezterm-dynamic-derive v0.1.1
  Downloaded xattr v1.5.0
  Downloaded zstd v0.13.3
  Downloaded zmij v1.0.0
  Downloaded uuid v1.18.1
  Downloaded tempfile v3.20.0
  Downloaded ron v0.12.0
  Downloaded reqwest v0.12.19
  Downloaded quick-xml v0.38.3
  Downloaded quinn-proto v0.11.12
  Downloaded rustls v0.23.27
  Downloaded url v2.5.7
  Downloaded tower v0.5.2
  Downloaded unicode-normalization v0.1.25
  Downloaded tokio-util v0.7.15
  Downloaded typed-path v0.12.1
  Downloaded typenum v1.18.0
  Downloaded toml_edit v0.24.0+spec-1.1.0
  Downloaded rustix v1.0.7
  Downloaded zip v7.2.0
  Downloaded syn v1.0.109
  Downloaded syn v2.0.111
  Downloaded linux-raw-sys v0.9.4
  Downloaded object v0.36.7
  Downloaded nix v0.31.1
  Downloaded wezterm-bidi v0.2.3
  Downloaded regex-automata v0.4.12
  Downloaded vcpkg v0.2.15
  Downloaded termwiz v0.23.3
  Downloaded nextest-runner v0.105.0
  Downloaded webpki-roots v1.0.0
  Downloaded zerocopy-derive v0.8.27
  Downloaded quick-xml v0.37.5
  Downloaded openssl v0.10.73
  Downloaded zerocopy v0.8.27
  Downloaded pulldown-cmark v0.13.0
  Downloaded h2 v0.4.10
  Downloaded portable-atomic v1.11.0
  Downloaded pest v2.8.3
  Downloaded iri-string v0.7.8
  Downloaded goblin v0.10.3
  Downloaded socket2 v0.5.10
  Downloaded guppy v0.17.24
  Downloaded unicase v2.8.1
  Downloaded tinyvec v1.9.0
  Downloaded textwrap v0.16.2
  Downloaded terminfo v0.9.0
  Downloaded socket2 v0.6.0
  Downloaded quinn v0.11.8
  Downloaded proc-macro2 v1.0.103
  Downloaded pin-project v1.1.10
  Downloaded pest_generator v2.8.3
  Downloaded hyper-util v0.1.13
  Downloaded zipsign-api v0.1.5
  Downloaded usdt-impl v0.6.0
  Downloaded tower-http v0.6.6
  Downloaded tokio-rustls v0.26.2
  Downloaded tokio-native-tls v0.3.1
  Downloaded termios v0.3.3
  Downloaded target-spec v3.5.6
  Downloaded target-lexicon v0.13.3
  Downloaded supports-color v3.0.2
  Downloaded smol_str v0.3.2
  Downloaded signal-hook-registry v1.4.5
  Downloaded rustls-webpki v0.103.3
  Downloaded recursion v0.5.4
  Downloaded quick-junit v0.5.2
  Downloaded pest_meta v2.8.3
  Downloaded itertools v0.14.0
  Downloaded zeroize v1.8.1
  Downloaded xxhash-rust v0.8.15
  Downloaded wezterm-input-types v0.1.0
  Downloaded usdt-attr-macro v0.6.0
  Downloaded usdt v0.6.0
  Downloaded zstd-sys v2.0.15+zstd.1.5.7
  Downloaded unicode-linebreak v0.1.5
  Downloaded tracing-error v0.2.1
  Downloaded thread-id v5.0.0
  Downloaded sigchld v0.2.4
  Downloaded self_update v0.42.0
  Downloaded sapling-streampager v0.12.0
  Downloaded mio v1.0.4
  Downloaded miette v7.6.0
  Downloaded indicatif v0.18.3
  Downloaded gimli v0.31.1
  Downloaded deltae v0.3.2
  Downloaded wezterm-color-types v0.3.0
  Downloaded thread_local v1.1.8
  Downloaded terminal_size v0.4.2
  Downloaded target-spec-miette v0.4.5
  Downloaded swrite v0.1.0
  Downloaded supports-unicode v3.0.0
  Downloaded supports-hyperlinks v3.1.0
  Downloaded strip-ansi-escapes v0.2.1
  Downloaded signal-hook-mio v0.2.4
  Downloaded shared_thread v0.2.0
  Downloaded serde_tokenstream v0.2.2
  Downloaded self-replace v1.5.0
  Downloaded scroll v0.13.0
  Downloaded ryu v1.0.20
  Downloaded rustc-demangle v0.1.25
  Downloaded rand_core v0.9.3
  Downloaded quote v1.0.42
  Downloaded pkg-config v0.3.32
  Downloaded pin-project-internal v1.1.10
  Downloaded phf_codegen v0.11.3
  Downloaded parking_lot_core v0.9.11
  Downloaded owo-colors v4.2.3
  Downloaded os_pipe v1.2.2
  Downloaded ordered-float v4.6.0
  Downloaded nom v7.1.3
  Downloaded minimal-lexical v0.2.1
  Downloaded flate2 v1.1.1
  Downloaded wezterm-dynamic v0.2.1
  Downloaded wezterm-blob-leases v0.1.1
  Downloaded usdt-macro v0.6.0
  Downloaded unit-prefix v0.5.1
  Downloaded typeid v1.0.3
  Downloaded rustls-pki-types v1.12.0
  Downloaded quinn-udp v0.5.12
  Downloaded pest_derive v2.8.3
  Downloaded shared_child v1.1.1
  Downloaded scroll_derive v0.13.1
  Downloaded pretty-hex v0.4.1
  Downloaded plain v0.2.3
  Downloaded parking_lot v0.12.4
  Downloaded vtparse v0.6.2
  Downloaded vec_map v0.8.2
  Downloaded ucd-trie v0.1.7
  Downloaded nextest-workspace-hack v0.1.0
  Downloaded color-eyre v0.6.5
  Downloaded nextest-metadata v0.13.3
  Downloaded newtype-uuid v1.3.2
  Downloaded native-tls v0.2.14
  Downloaded memmap2 v0.9.8
  Downloaded litrs v0.4.1
  Downloaded iana-time-zone v0.1.63
  Downloaded hyper-rustls v0.27.6
  Downloaded hex v0.4.3
  Downloaded getrandom v0.3.3
  Downloaded generic-array v0.14.7
  Downloaded future-queue v0.4.0
  Downloaded fancy-regex v0.11.0
  Downloaded euclid v0.22.11
  Downloaded ed25519-dalek v2.1.1
  Downloaded derive_more v2.0.1
  Downloaded borsh v1.5.7
  Downloaded mac_address v1.1.8
  Downloaded lru v0.16.3
  Downloaded lock_api v0.4.13
  Downloaded lab v0.11.0
  Downloaded jobserver v0.1.33
  Downloaded itoa v1.0.16
  Downloaded is_terminal_polyfill v1.70.1
  Downloaded is_ci v1.2.0
  Downloaded indenter v0.3.4
  Downloaded idna_adapter v1.0.0
  Downloaded iddqd v0.3.17
  Downloaded hyper-tls v0.6.0
  Downloaded hyper v1.6.0
  Downloaded humantime-serde v1.1.1
  Downloaded humantime v2.3.0
  Downloaded getrandom v0.2.16
  Downloaded foreign-types-shared v0.1.1
  Downloaded foreign-types v0.3.2
  Downloaded foldhash v0.2.0
  Downloaded fixedbitset v0.4.2
  Downloaded finl_unicode v1.4.0
  Downloaded eyre v0.6.12
  Downloaded etcetera v0.11.0
  Downloaded duct v1.1.1
  Downloaded document-features v0.2.11
  Downloaded derive_more-impl v2.0.1
  Downloaded derive-where v1.6.0
  Downloaded csscolorparser v0.6.2
  Downloaded camino-tempfile v1.4.1
  Downloaded bytemuck v1.24.0
  Downloaded backtrace v0.3.75
  Downloaded mukti-metadata v0.3.0
  Downloaded memoffset v0.9.1
  Downloaded memmem v0.1.1
  Downloaded dof v0.4.0
  Downloaded clap_lex v0.7.4
  Downloaded cargo_metadata v0.23.1
  Downloaded enum_dispatch v0.3.13
  Downloaded dtrace-parser v0.3.0
  Downloaded dialoguer v0.12.0
  Downloaded debug-ignore v1.0.5
  Downloaded console v0.16.2
  Downloaded config v0.15.19
  Downloaded color-spantrace v0.3.0
  Downloaded cfg-expr v0.20.5
  Downloaded cc v1.2.30
  Downloaded bytesize v2.3.1
  Downloaded buf-list v1.1.2
  Downloaded base64ct v1.7.3
  Downloaded backtrace-ext v0.2.1
  Downloaded num-derive v0.4.2
  Downloaded filetime v0.2.25
  Downloaded colorchoice v1.0.3
  Downloaded cargo-platform v0.3.0
  Downloaded anyhow v1.0.98
  Downloaded enable-ansi-support v0.3.1
  Downloaded countio v0.2.19
  Downloaded convert_case v0.7.1
  Downloaded anstyle-query v1.1.2
  Downloaded anstyle v1.0.10
  Downloaded anstream v0.6.18
  Downloaded guppy-workspace-hack v0.1.0
  Downloaded filedescriptor v0.8.3
  Downloaded errno v0.3.12
  Downloaded atomic v0.6.1
  Downloaded async-scoped v0.9.0
  Downloaded anstyle-parse v0.2.6
   Compiling proc-macro2 v1.0.103
   Compiling quote v1.0.42
   Compiling unicode-ident v1.0.22
   Compiling libc v0.2.180
   Compiling serde_core v1.0.228
   Compiling cfg-if v1.0.4
   Compiling memchr v2.7.6
   Compiling syn v2.0.111
   Compiling log v0.4.29
   Compiling once_cell v1.21.3
   Compiling serde v1.0.228
   Compiling bitflags v2.10.0
   Compiling autocfg v1.5.0
   Compiling itoa v1.0.16
   Compiling pin-project-lite v0.2.16
   Compiling signal-hook-registry v1.4.5
   Compiling getrandom v0.3.3
   Compiling futures-core v0.3.31
   Compiling jobserver v0.1.33
   Compiling shlex v1.3.0
   Compiling thiserror v2.0.18
   Compiling cc v1.2.30
   Compiling bytes v1.11.0
   Compiling rustix v1.0.7
   Compiling allocator-api2 v0.2.21
   Compiling smallvec v1.15.1
   Compiling hashbrown v0.16.1
   Compiling linux-raw-sys v0.9.4
   Compiling equivalent v1.0.2
   Compiling mio v1.0.4
   Compiling version_check v0.9.5
   Compiling futures-sink v0.3.31
   Compiling indexmap v2.13.0
   Compiling serde_json v1.0.149
   Compiling serde_derive v1.0.228
   Compiling thiserror-impl v2.0.18
   Compiling zerocopy-derive v0.8.27
   Compiling tokio-macros v2.6.0
   Compiling socket2 v0.6.0
   Compiling slab v0.4.11
   Compiling zmij v1.0.0
   Compiling ucd-trie v0.1.7
   Compiling pest v2.8.3
   Compiling tokio v1.49.0
   Compiling futures-macro v0.3.31
   Compiling futures-channel v0.3.31
   Compiling num-traits v0.2.19
   Compiling tracing-core v0.1.36
   Compiling unicode-width v0.2.2
   Compiling rand_core v0.6.4
   Compiling futures-task v0.3.31
   Compiling siphasher v1.0.1
   Compiling futures-io v0.3.31
   Compiling pin-utils v0.1.0
   Compiling futures-util v0.3.31
   Compiling phf_shared v0.11.3
   Compiling rand v0.8.5
   Compiling pest_meta v2.8.3
   Compiling thiserror v1.0.69
   Compiling zerocopy v0.8.27
   Compiling pest_generator v2.8.3
   Compiling phf_generator v0.11.3
   Compiling tracing-attributes v0.1.31
   Compiling thiserror-impl v1.0.69
   Compiling typenum v1.18.0
   Compiling fnv v1.0.7
   Compiling cfg_aliases v0.2.1
   Compiling tracing v0.1.44
   Compiling pest_derive v2.8.3
   Compiling generic-array v0.14.7
   Compiling ring v0.17.14
   Compiling http v1.4.0
   Compiling lazy_static v1.5.0
   Compiling zeroize v1.8.1
   Compiling adler2 v2.0.1
   Compiling camino v1.2.2
   Compiling syn v1.0.109
   Compiling signal-hook v0.3.18
   Compiling miniz_oxide v0.8.9
   Compiling aho-corasick v1.1.4
   Compiling strsim v0.11.1
   Compiling regex-syntax v0.8.8
   Compiling target-lexicon v0.13.3
   Compiling object v0.36.7
   Compiling regex-automata v0.4.12
   Compiling http-body v1.0.1
   Compiling rustls-pki-types v1.12.0
   Compiling memoffset v0.9.1
   Compiling getrandom v0.2.16
   Compiling pkg-config v0.3.32
   Compiling owo-colors v4.2.3
   Compiling guppy-workspace-hack v0.1.0
   Compiling percent-encoding v2.3.2
   Compiling httparse v1.10.1
   Compiling untrusted v0.9.0
   Compiling utf8parse v0.2.2
   Compiling bytemuck v1.24.0
   Compiling gimli v0.31.1
   Compiling atomic v0.6.1
   Compiling zstd-sys v2.0.15+zstd.1.5.7
   Compiling wezterm-dynamic-derive v0.1.1
   Compiling addr2line v0.24.2
   Compiling nix v0.29.0
   Compiling tokio-util v0.7.15
   Compiling phf_macros v0.11.3
   Compiling ordered-float v4.6.0
   Compiling tower-service v0.3.3
   Compiling fastrand v2.3.0
   Compiling target-spec v3.5.6
   Compiling rustc-demangle v0.1.25
   Compiling try-lock v0.2.5
   Compiling base64 v0.22.1
   Compiling rustls v0.23.27
   Compiling atomic-waker v1.1.2
   Compiling backtrace v0.3.75
   Compiling h2 v0.4.10
   Compiling want v0.3.1
   Compiling wezterm-dynamic v0.2.1
   Compiling tempfile v3.20.0
   Compiling phf v0.11.3
   Compiling cfg-expr v0.20.5
   Compiling rustls-webpki v0.103.3
   Compiling uuid v1.18.1
   Compiling regex v1.12.2
   Compiling block-buffer v0.10.4
   Compiling crypto-common v0.1.6
   Compiling phf_codegen v0.11.3
   Compiling terminal_size v0.4.2
   Compiling scroll_derive v0.13.1
   Compiling semver v1.0.27
   Compiling subtle v2.6.1
   Compiling winnow v0.7.14
   Compiling portable-atomic v1.11.0
   Compiling crc32fast v1.5.0
   Compiling usdt-impl v0.6.0
   Compiling dof v0.4.0
   Compiling scroll v0.13.0
   Compiling terminfo v0.9.0
   Compiling digest v0.10.7
   Compiling hyper v1.6.0
   Compiling dtrace-parser v0.3.0
   Compiling form_urlencoded v1.2.2
   Compiling ahash v0.8.12
   Compiling sync_wrapper v1.0.2
   Compiling thread-id v5.0.0
   Compiling lock_api v0.4.13
   Compiling socket2 v0.5.10
   Compiling lab v0.11.0
   Compiling foldhash v0.1.5
   Compiling unicode-linebreak v0.1.5
   Compiling bit-vec v0.6.3
   Compiling either v1.15.0
   Compiling anyhow v1.0.98
   Compiling idna_adapter v1.0.0
   Compiling ipnet v2.11.0
   Compiling byteorder v1.5.0
   Compiling cpufeatures v0.2.17
   Compiling unicode-segmentation v1.12.0
   Compiling parking_lot_core v0.9.11
   Compiling is_ci v1.2.0
   Compiling scopeguard v1.2.0
   Compiling nextest-workspace-hack v0.1.0
   Compiling utf8_iter v1.0.4
   Compiling plain v0.2.3
   Compiling minimal-lexical v0.2.1
   Compiling zstd-safe v7.2.4
   Compiling unicode-width v0.1.14
   Compiling tower-layer v0.3.3
   Compiling tower v0.5.2
   Compiling nom v7.1.3
   Compiling goblin v0.10.3
   Compiling idna v1.1.0
   Compiling supports-color v3.0.2
   Compiling convert_case v0.7.1
   Compiling hyper-util v0.1.13
   Compiling sha2 v0.10.9
   Compiling bit-set v0.5.3
   Compiling textwrap v0.16.2
   Compiling hashbrown v0.15.5
   Compiling csscolorparser v0.6.2
   Compiling mac_address v1.1.8
   Compiling tokio-rustls v0.26.2
   Compiling toml_parser v1.0.6+spec-1.1.0
   Compiling backtrace-ext v0.2.1
   Compiling serde_tokenstream v0.2.2
   Compiling webpki-roots v1.0.0
   Compiling pathdiff v0.2.3
   Compiling sharded-slab v0.1.7
   Compiling euclid v0.22.11
   Compiling tracing-log v0.2.0
   Compiling cargo-platform v0.3.0
   Compiling miette-derive v7.6.0
   Compiling serde_spanned v1.0.4
   Compiling toml_datetime v0.7.5+spec-1.1.0
   Compiling os_pipe v1.2.2
   Compiling thread_local v1.1.8
   Compiling iri-string v0.7.8
   Compiling option-ext v0.2.0
   Compiling supports-hyperlinks v3.1.0
   Compiling supports-unicode v3.0.0
   Compiling deltae v0.3.2
   Compiling pretty-hex v0.4.1
   Compiling debug-ignore v1.0.5
   Compiling pulldown-cmark v0.13.0
   Compiling bitflags v1.3.2
   Compiling ryu v1.0.20
   Compiling fixedbitset v0.5.7
   Compiling toml_writer v1.0.6+spec-1.1.0
   Compiling rustix v0.38.44
   Compiling petgraph v0.8.3
   Compiling serde_urlencoded v0.7.1
   Compiling tower-http v0.6.6
   Compiling wezterm-input-types v0.1.0
   Compiling wezterm-color-types v0.3.0
   Compiling miette v7.6.0
   Compiling dirs-sys v0.5.0
   Compiling tracing-subscriber v0.3.22
   Compiling sigchld v0.2.4
   Compiling cargo_metadata v0.23.1
   Compiling hyper-rustls v0.27.6
   Compiling wezterm-blob-leases v0.1.1
   Compiling fancy-regex v0.11.0
   Compiling derive_more-impl v2.0.1
   Compiling url v2.5.7
   Compiling itertools v0.14.0
   Compiling wezterm-bidi v0.2.3
   Compiling vtparse v0.6.2
   Compiling anstyle-parse v0.2.6
   Compiling http-body-util v0.1.3
   Compiling ppv-lite86 v0.2.21
   Compiling filedescriptor v0.8.3
   Compiling nix v0.31.1
   Compiling futures-executor v0.3.31
   Compiling console v0.15.11
   Compiling console v0.16.2
   Compiling smol_str v0.3.2
   Compiling xattr v1.5.0
   Compiling pin-project-internal v1.1.10
   Compiling num-derive v0.4.2
   Compiling rand_core v0.9.3
   Compiling filetime v0.2.25
   Compiling memmap2 v0.9.8
   Compiling termios v0.3.3
   Compiling vte v0.14.1
   Compiling bstr v1.12.1
   Compiling eyre v0.6.12
   Compiling unicase v2.8.1
   Compiling self_update v0.42.0
   Compiling nested v0.1.1
   Compiling static_assertions v1.1.0
   Compiling finl_unicode v1.4.0
   Compiling litrs v0.4.1
   Compiling tinyvec_macros v0.1.1
   Compiling colorchoice v1.0.3
   Compiling fixedbitset v0.4.2
   Compiling is_terminal_polyfill v1.70.1
   Compiling number_prefix v0.4.0
   Compiling anstyle-query v1.1.2
   Compiling color-spantrace v0.3.0
   Compiling memmem v0.1.1
   Compiling anstyle v1.0.10
   Compiling iana-time-zone v0.1.63
   Compiling linux-raw-sys v0.4.15
   Compiling hex v0.4.3
   Compiling mime v0.3.17
   Compiling termwiz v0.23.3
   Compiling reqwest v0.12.19
   Compiling enum_dispatch v0.3.13
   Compiling chrono v0.4.43
   Compiling anstream v0.6.18
   Compiling document-features v0.2.11
   Compiling indicatif v0.17.11
   Compiling tinyvec v1.9.0
   Compiling globset v0.4.18
   Compiling guppy v0.17.24
   Compiling strip-ansi-escapes v0.2.1
   Compiling pin-project v1.1.10
   Compiling tar v0.4.44
   Compiling rand_chacha v0.9.0
   Compiling nextest-metadata v0.13.3
   Compiling zstd v0.13.3
   Compiling futures v0.3.31
   Compiling parking_lot v0.12.4
   Compiling derive_more v2.0.1
   Compiling shared_child v1.1.1
   Compiling tracing-error v0.2.1
   Compiling dirs v6.0.0
   Compiling toml v0.9.11+spec-1.1.0
   Compiling usdt-attr-macro v0.6.0
   Compiling usdt-macro v0.6.0
   Compiling flate2 v1.1.1
   Compiling newtype-uuid v1.3.2
   Compiling self-replace v1.5.0
   Compiling signal-hook-mio v0.2.4
   Compiling quick-xml v0.37.5
   Compiling quick-xml v0.38.3
   Compiling shell-words v1.1.1
   Compiling indenter v0.3.4
   Compiling heck v0.5.0
   Compiling shared_thread v0.2.0
   Compiling typed-path v0.12.1
   Compiling lru v0.16.3
   Compiling recursion v0.5.4
   Compiling foldhash v0.2.0
   Compiling humantime v2.3.0
   Compiling rustc-hash v2.1.1
   Compiling unit-prefix v0.5.1
   Compiling vec_map v0.8.2
   Compiling clap_lex v0.7.4
   Compiling urlencoding v2.1.3
   Compiling clap_derive v4.5.49
   Compiling zip v7.2.0
   Compiling clap_builder v4.5.54
   Compiling sapling-streampager v0.12.0
   Compiling indicatif v0.18.3
   Compiling iddqd v0.3.17
   Compiling humantime-serde v1.1.1
   Compiling nextest-filtering v0.18.0
   Compiling duct v1.1.1
   Compiling quick-junit v0.5.2
   Compiling crossterm v0.29.0
   Compiling config v0.15.19
   Compiling usdt v0.6.0
   Compiling cargo-nextest v0.9.124
   Compiling async-scoped v0.9.0
   Compiling rand v0.9.2
   Compiling unicode-normalization v0.1.25
   Compiling atomicwrites v0.4.4
   Compiling target-spec-miette v0.4.5
   Compiling toml_edit v0.24.0+spec-1.1.0
   Compiling future-queue v0.4.0
   Compiling mukti-metadata v0.3.0
   Compiling camino-tempfile v1.4.1
   Compiling tokio-stream v0.1.18
   Compiling derive-where v1.6.0
   Compiling serde_path_to_error v0.1.20
   Compiling serde_ignored v0.1.14
   Compiling bytesize v2.3.1
   Compiling etcetera v0.11.0
   Compiling swrite v0.1.0
   Compiling home v0.5.12
   Compiling xxhash-rust v0.8.15
   Compiling countio v0.2.19
   Compiling color-eyre v0.6.5
   Compiling clap v4.5.54
   Compiling dialoguer v0.12.0
   Compiling nextest-runner v0.105.0
   Compiling buf-list v1.1.2
   Compiling locked-tripwire v0.1.0
   Compiling enable-ansi-support v0.3.1
    Finished `release` profile [optimized] target(s) in 4m 19s
  Installing /home/jules/.cargo/bin/cargo-nextest
   Installed package `cargo-nextest v0.9.124` (executable `cargo-nextest`)
✅ cargo-nextest installed
🔍 Checking for debug binary (required for e2e tests)...
✅ Debug binary exists
cargo nextest run --workspace --release
warning: mill-lang-java@0.8.4: Java parser JAR not found. Import support will not work.
warning: mill-lang-java@0.8.4: To build the JAR: cd resources/java-parser && mvn package
warning: mill-lang-csharp@0.8.4: Found .NET SDK version: 10.0.100. C# parser can be built.
   Compiling mill v0.8.4 (/app/apps/mill)
make: *** [Makefile:33: test] Hangup
